\BOOKMARK [1][-]{section.1}{\376\377\000L\000e\000c\000t\000u\000r\000e\000\040\000P\000l\000a\000n\000\040\000\050\0004\0000\000\040\000M\000i\000n\000u\000t\000e\000s\000\040\000B\000r\000e\000a\000k\000d\000o\000w\000n\000\051}{}% 1
\BOOKMARK [1][-]{section.2}{\376\377\0002\000D\000\040\000S\000i\000g\000n\000a\000l\000s\000:\000\040\000T\000h\000e\000\040\000D\000i\000g\000i\000t\000a\000l\000\040\000I\000m\000a\000g\000e}{}% 2
\BOOKMARK [2][-]{subsection.2.1}{\376\377\000P\000i\000x\000e\000l\000\040\000V\000a\000l\000u\000e\000s\000\040\000a\000n\000d\000\040\000D\000o\000m\000a\000i\000n\000s}{section.2}% 3
\BOOKMARK [2][-]{subsection.2.2}{\376\377\000S\000p\000a\000t\000i\000a\000l\000\040\000S\000a\000m\000p\000l\000i\000n\000g\000\040\000a\000n\000d\000\040\000A\000l\000i\000a\000s\000i\000n\000g}{section.2}% 4
\BOOKMARK [1][-]{section.3}{\376\377\0002\000D\000\040\000D\000T\000F\000T\000\040\000a\000n\000d\000\040\0002\000D\000\040\000D\000F\000T}{}% 5
\BOOKMARK [2][-]{subsection.3.1}{\376\377\000T\000h\000e\000\040\0002\000D\000\040\000D\000i\000s\000c\000r\000e\000t\000e\000-\000T\000i\000m\000e\000\040\000F\000o\000u\000r\000i\000e\000r\000\040\000T\000r\000a\000n\000s\000f\000o\000r\000m\000\040\000\050\000D\000T\000F\000T\000\051}{section.3}% 6
\BOOKMARK [2][-]{subsection.3.2}{\376\377\000T\000h\000e\000\040\0002\000D\000\040\000D\000i\000s\000c\000r\000e\000t\000e\000\040\000F\000o\000u\000r\000i\000e\000r\000\040\000T\000r\000a\000n\000s\000f\000o\000r\000m\000\040\000\050\000D\000F\000T\000\051}{section.3}% 7
\BOOKMARK [2][-]{subsection.3.3}{\376\377\000P\000r\000o\000o\000f\000\040\000o\000f\000\040\000S\000e\000p\000a\000r\000a\000b\000i\000l\000i\000t\000y\000\040\000a\000n\000d\000\040\000R\000o\000w\000-\000C\000o\000l\000u\000m\000n\000\040\000C\000o\000m\000p\000u\000t\000a\000t\000i\000o\000n}{section.3}% 8
\BOOKMARK [1][-]{section.4}{\376\377\0002\000D\000\040\000C\000o\000n\000v\000o\000l\000u\000t\000i\000o\000n}{}% 9
\BOOKMARK [2][-]{subsection.4.1}{\376\377\000S\000e\000p\000a\000r\000a\000b\000l\000e\000\040\0002\000D\000\040\000F\000i\000l\000t\000e\000r\000s}{section.4}% 10
\BOOKMARK [1][-]{section.5}{\376\377\000S\000p\000a\000t\000i\000a\000l\000\040\000F\000r\000e\000q\000u\000e\000n\000c\000y\000\040\000D\000o\000m\000a\000i\000n\000\040\000F\000i\000l\000t\000e\000r\000i\000n\000g}{}% 11
\BOOKMARK [1][-]{section.6}{\376\377\000G\000a\000u\000s\000s\000i\000a\000n\000\040\000a\000n\000d\000\040\000L\000a\000p\000l\000a\000c\000i\000a\000n\000\040\000F\000i\000l\000t\000e\000r\000s}{}% 12
\BOOKMARK [2][-]{subsection.6.1}{\376\377\000G\000a\000u\000s\000s\000i\000a\000n\000\040\000S\000m\000o\000o\000t\000h\000i\000n\000g\000\040\000\050\000L\000o\000w\000-\000p\000a\000s\000s\000\051}{section.6}% 13
\BOOKMARK [2][-]{subsection.6.2}{\376\377\000L\000a\000p\000l\000a\000c\000i\000a\000n\000\040\000O\000p\000e\000r\000a\000t\000o\000r\000\040\000\050\000H\000i\000g\000h\000-\000p\000a\000s\000s\000\051}{section.6}% 14
\BOOKMARK [1][-]{section.7}{\376\377\0002\000D\000\040\000D\000C\000T\000\040\000a\000n\000d\000\040\000J\000P\000E\000G\000\040\000C\000o\000m\000p\000r\000e\000s\000s\000i\000o\000n}{}% 15
\BOOKMARK [1][-]{section.8}{\376\377\000E\000d\000g\000e\000\040\000D\000e\000t\000e\000c\000t\000i\000o\000n\000\040\000\046\000\040\000G\000r\000a\000d\000i\000e\000n\000t\000\040\000O\000p\000e\000r\000a\000t\000o\000r\000s}{}% 16
\BOOKMARK [2][-]{subsection.8.1}{\376\377\000S\000o\000b\000e\000l\000\040\000O\000p\000e\000r\000a\000t\000o\000r\000s}{section.8}% 17
\BOOKMARK [2][-]{subsection.8.2}{\376\377\000T\000h\000e\000\040\000C\000a\000n\000n\000y\000\040\000E\000d\000g\000e\000\040\000D\000e\000t\000e\000c\000t\000o\000r}{section.8}% 18
\BOOKMARK [1][-]{section.9}{\376\377\000K\000e\000y\000\040\000F\000o\000r\000m\000u\000l\000a\000s\000\040\000S\000u\000m\000m\000a\000r\000y}{}% 19
\BOOKMARK [1][-]{section.10}{\376\377\000C\000h\000e\000c\000k\000p\000o\000i\000n\000t\000\040\000Q\000u\000e\000s\000t\000i\000o\000n\000s}{}% 20
\BOOKMARK [1][-]{section.11}{\376\377\000E\000x\000t\000e\000n\000d\000e\000d\000\040\000T\000o\000p\000i\000c\000s\000:\000\040\000M\000a\000t\000h\000e\000m\000a\000t\000i\000c\000a\000l\000\040\000P\000r\000o\000p\000e\000r\000t\000i\000e\000s\000\040\000o\000f\000\040\000t\000h\000e\000\040\0002\000D\000\040\000D\000F\000T}{}% 21
\BOOKMARK [2][-]{subsection.11.1}{\376\377\000T\000r\000a\000n\000s\000l\000a\000t\000i\000o\000n\000\040\000\050\000S\000p\000a\000t\000i\000a\000l\000\040\000S\000h\000i\000f\000t\000\051}{section.11}% 22
\BOOKMARK [2][-]{subsection.11.2}{\376\377\000R\000o\000t\000a\000t\000i\000o\000n\000\040\000a\000n\000d\000\040\000S\000c\000a\000l\000i\000n\000g}{section.11}% 23
\BOOKMARK [1][-]{section.12}{\376\377\000E\000x\000t\000e\000n\000d\000e\000d\000\040\000T\000o\000p\000i\000c\000s\000:\000\040\000A\000d\000v\000a\000n\000c\000e\000d\000\040\000E\000d\000g\000e\000\040\000D\000e\000t\000e\000c\000t\000i\000o\000n\000\040\000O\000p\000e\000r\000a\000t\000o\000r\000s}{}% 24
\BOOKMARK [2][-]{subsection.12.1}{\376\377\000T\000h\000e\000\040\000P\000r\000e\000w\000i\000t\000t\000\040\000O\000p\000e\000r\000a\000t\000o\000r}{section.12}% 25
\BOOKMARK [2][-]{subsection.12.2}{\376\377\000T\000h\000e\000\040\000S\000c\000h\000a\000r\000r\000\040\000O\000p\000e\000r\000a\000t\000o\000r}{section.12}% 26
\BOOKMARK [1][-]{section.13}{\376\377\000D\000e\000e\000p\000\040\000D\000i\000v\000e\000:\000\040\000Z\000e\000r\000o\000-\000P\000a\000d\000d\000i\000n\000g\000\040\000a\000n\000d\000\040\000L\000i\000n\000e\000a\000r\000\040\000C\000o\000n\000v\000o\000l\000u\000t\000i\000o\000n}{}% 27
